1 [131188945749952] INFO perfrun.launcher <> - Launcher main begin
1 [131188945749952] INFO perfrun.launcher <> - MessageCatalogInit finished
1 [131188945749952] INFO perfrun.launcher <> - Launcher instance created
1 [131188945749952] INFO perfrun.launcher <> - argc = 7; cmdline = /opt/intel/oneapi/vtune/2026.2/bin64/amplxe-runss --ui-output-format xml --ui-output-fd 5 --option-file /home/stefan/ds4/r000hs/config/runss.options 
67 [131188945749952] INFO perfrun.perfcollector <> - SEP tool path: /opt/intel/oneapi/vtune/2026.2/bin64/sep
80 [131188945749952] INFO perfrun.launcher <> - create msngr2::ICliToolContext
80 [131188945749952] INFO perfrun.launcher <> - create file finder object
80 [131188945749952] INFO perfrun.launcher <> - create a result directory: pattern = /home/stefan/ds4/r000hs pid = 272356
88 [131188945749952] INFO perfrun.sdk <> - checked that the directory /home/stefan/ds4/r000hs is a local directory
88 [131188945749952] INFO perfrun.sdk <> - the directory /home/stefan/ds4/r000hs is a local directory with FS type ID 61267
88 [131188945749952] INFO perfrun.sdk <> - Check that directory /home/stefan/ds4/r000hs is accessible from the process #272356
89 [131188945749952] INFO perfrun.sdk <> - Extracted UID=1000 EUID=1000 from 'Uid:	1000	1000	1000	1000'
89 [131188945749952] INFO perfrun.sdk <> - Extracted UID=1000 EGID=1000 from 'Gid:	1000	1000	1000	1000'
89 [131188945749952] INFO perfrun.sdk <> - Process #272356 is running under user UID=1000 GID=1000
89 [131188945749952] INFO perfrun.sdk <> - Check that the directory /home/stefan/ds4/r000hs is accessible to the given user UID=1000 GID=1000
91 [131188945749952] INFO perfrun.sdk <> - The directory is accessible.
91 [131188945749952] INFO perfrun.sdk <> - UID=1000 has write permission to /home/stefan/ds4/r000hs
92 [131188945749952] INFO perfrun.launcher <> - create data directory = /home/stefan/ds4/r000hs/data.0
92 [131188945749952] INFO perfrun.launcher <> - Creating the master collection flag
155 [131188945749952] INFO perfrun.launcher <> - Done creating the master collection flag
179 [131188786194112] INFO perfrun.launcher <> - plugin [remoteplug] was disabled because it doesn't support the given collection type.
180 [131188786194112] INFO perfrun.sdk <> - Allocating TMU :/home/stefan/ds4/r000hs/data.0/systemcollector-273430-stefan-WS-C621E-SAGE-Series.sc
180 [131188786194112] INFO perfrun.system <> - Tpss based collection
181 [131188786194112] INFO perfrun.launcher <> - plugin [ptracecollector] was disabled because it doesn't support the given collection type.
181 [131188786194112] INFO perfrun.launcher <> - plugin [gpu] was disabled because it doesn't support the given collection type.
181 [131188786194112] INFO perfrun.launcher <> - plugin [] was disabled because it doesn't support the given collection type.
181 [131188786194112] INFO perfrun.launcher <> - plugin [] was disabled because it doesn't support the given collection type.
181 [131188786194112] INFO perfrun.launcher <> - plugin [] was disabled because it doesn't support the given collection type.
181 [131188786194112] INFO perfrun.mrte <> - system-wide mode is 0
181 [131188786194112] INFO perfrun.mrte <> - Getting  mrte profiling environment ...
260 [131188786194112] INFO perfrun.mrte <> - INTEL_MRTE_DATA_DIR=/home/stefan/ds4/r000hs/data.0
260 [131188786194112] INFO perfrun.mrte <> - INTEL_MRTE_HOST_NAME=stefan-WS-C621E-SAGE-Series
261 [131188786194112] INFO perfrun.mrte <> - JAVA_TOOL_OPTIONS=-agentlib:amplxe_samplingmrte_javaprof_1.0 -Dsun.boot.library.path=/opt/intel/oneapi/vtune/2026.2/lib32/runtime:/opt/intel/oneapi/vtune/2026.2/lib64/runtime
261 [131188786194112] INFO perfrun.mrte <> - LD_LIBRARY_PATH=/opt/intel/oneapi/vtune/2026.2/lib32/runtime:/opt/intel/oneapi/vtune/2026.2/lib64/runtime:/opt/intel/oneapi/tcm/1.5/lib:/opt/intel/oneapi/umf/1.1/lib:/opt/intel/oneapi/tcm/1.5/env/../lib:/opt/intel/oneapi/tbb/2023.0/env/../lib/intel64/gcc4.8:/opt/intel/oneapi/mpi/2021.18/opt/mpi/libfabric/lib:/opt/intel/oneapi/mpi/2021.18/lib:/opt/intel/oneapi/mkl/2026.0/lib:/opt/intel/oneapi/ippcp/2026.0/lib/:/opt/intel/oneapi/ipp/2026.0/lib:/opt/intel/oneapi/dnnl/2026.0/lib:/opt/intel/oneapi/debugger/2026.0/opt/debugger/lib:/opt/intel/oneapi/compiler/2026.0/opt/compiler/lib:/opt/intel/oneapi/compiler/2026.0/lib:/opt/intel/oneapi/ccl/2022.0/lib/
261 [131188786194112] INFO perfrun.mrte <> - CORECLR_ENABLE_PROFILING=1
261 [131188786194112] INFO perfrun.mrte <> - CORECLR_PROFILER={AA5E4821-E3B1-479c-B7FF-5AD047D22CED}
261 [131188786194112] INFO perfrun.mrte <> - CORECLR_PROFILER_PATH=/opt/intel/oneapi/vtune/2026.2/lib64/libamplxe_samplingmrte_clrprof_1.0.so
261 [131188786194112] INFO perfrun.mrte <> - INTEL_MRTE_PROFILER_MODE=mixed
261 [131188786194112] INFO perfrun.mrte <> - Data directory: /home/stefan/ds4/r000hs/data.0
261 [131188786194112] INFO perfrun.mrte <> - Mrte plugin is initialized
261 [131188786194112] INFO perfrun.launcher <> - plugin [emon] was disabled because it doesn't support the given collection type.
261 [131188786194112] INFO perfrun.launcher <> - plugin [cuscol] was disabled because it doesn't support the given collection type.
261 [131188786194112] INFO perfrun.launcher <> - plugin [stdsrc] was disabled because it doesn't support the given collection type.
261 [131188786194112] INFO perfrun.launcher <> - plugin [sep] was disabled because it doesn't support the given collection type.
261 [131188786194112] INFO perfrun.launcher <> - plugin [vtsspp] was disabled because it doesn't support the given collection type.
261 [131188786194112] INFO perfrun.launcher <> - plugin [perf] was disabled because it doesn't support the given collection type.
261 [131188786194112] INFO perfrun.launcher <> - plugin [aoclprofile] was disabled because it doesn't support the given collection type.
261 [131188786194112] INFO perfrun.tpss <> - initialize tpss controller
261 [131188786194112] INFO perfrun.tpss <> - configure collection mode: value = cpu:stack
261 [131188786194112] INFO perfrun.tpss <> - default obj-size-min=1024
261 [131188786194112] INFO perfrun.tpss <> - default hash-table-size=0
261 [131188786194112] INFO perfrun.launcher <> - plugin [media] was disabled because it doesn't support the given collection type.
261 [131188786194112] INFO perfrun.launcher <> - plugin [] was disabled because it doesn't support the given collection type.
261 [131188786194112] INFO perfrun.launcher <> - plugin [] was disabled because it doesn't support the given collection type.
261 [131188786194112] INFO perfrun.launcher <> - plugin [parallelfs] was disabled because it doesn't support the given collection type.
261 [131188786194112] INFO perfrun.launcher <> - plugin [power] was disabled because it doesn't support the given collection type.
261 [131188786194112] INFO perfrun.launcher <> - plugin [] was disabled because it doesn't support the given collection type.
261 [131188786194112] INFO perfrun.launcher <> - plugin [] was disabled because it doesn't support the given collection type.
261 [131188786194112] INFO perfrun.launcher <> - plugin [] was disabled because it doesn't support the given collection type.
261 [131188786194112] INFO perfrun.launcher <> - plugin [l0_metrics] was disabled because it doesn't support the given collection type.
261 [131188786194112] INFO perfrun.launcher <> - plugin [stall_reasons] was disabled because it doesn't support the given collection type.
261 [131188945749952] INFO perfrun.launcher <> - set environment variable: LD_LIBRARY_PATH = /opt/intel/oneapi/vtune/2026.2/lib32/runtime:/opt/intel/oneapi/vtune/2026.2/lib64/runtime:/opt/intel/oneapi/tcm/1.5/lib:/opt/intel/oneapi/umf/1.1/lib:/opt/intel/oneapi/tcm/1.5/env/../lib:/opt/intel/oneapi/tbb/2023.0/env/../lib/intel64/gcc4.8:/opt/intel/oneapi/mpi/2021.18/opt/mpi/libfabric/lib:/opt/intel/oneapi/mpi/2021.18/lib:/opt/intel/oneapi/mkl/2026.0/lib:/opt/intel/oneapi/ippcp/2026.0/lib/:/opt/intel/oneapi/ipp/2026.0/lib:/opt/intel/oneapi/dnnl/2026.0/lib:/opt/intel/oneapi/debugger/2026.0/opt/debugger/lib:/opt/intel/oneapi/compiler/2026.0/opt/compiler/lib:/opt/intel/oneapi/compiler/2026.0/lib:/opt/intel/oneapi/ccl/2022.0/lib/
262 [131188945749952] INFO perfrun.launcher <> - set environment variable: INTEL_LIBITTNOTIFY32 = /opt/intel/oneapi/vtune/2026.2/lib32/runtime/libittnotify_collector.so
262 [131188945749952] INFO perfrun.launcher <> - set environment variable: INTEL_LIBITTNOTIFY64 = /opt/intel/oneapi/vtune/2026.2/lib64/runtime/libittnotify_collector.so
262 [131188945749952] INFO perfrun.launcher <> - set environment variable: INTEL_ITTNOTIFY_GROUPS = 
262 [131188945749952] INFO perfrun.launcher <> - set environment variable: INTEL_JIT_PROFILER32 = /opt/intel/oneapi/vtune/2026.2/lib32/runtime/libittnotify_collector.so
262 [131188945749952] INFO perfrun.launcher <> - set environment variable: INTEL_JIT_PROFILER64 = /opt/intel/oneapi/vtune/2026.2/lib64/runtime/libittnotify_collector.so
262 [131188945749952] INFO perfrun.launcher <> - set environment variable: CCL_ITT_LEVEL = 1
262 [131188945749952] INFO perfrun.launcher <> - set environment variable: ENABLE_JITPROFILING = 1
262 [131188945749952] INFO perfrun.launcher <> - set environment variable: CL_CONFIG_USE_VTUNE = True
262 [131188945749952] INFO perfrun.launcher <> - set environment variable: KMP_FORKJOIN_FRAMES = 0
262 [131188945749952] INFO perfrun.launcher <> - set environment variable: KMP_FORKJOIN_FRAMES_MODE = 0
262 [131188945749952] INFO perfrun.launcher <> - set environment variable: INTEL_MRTE_DATA_DIR = /home/stefan/ds4/r000hs/data.0
262 [131188945749952] INFO perfrun.launcher <> - set environment variable: INTEL_MRTE_HOST_NAME = stefan-WS-C621E-SAGE-Series
263 [131188945749952] INFO perfrun.launcher <> - set environment variable: JAVA_TOOL_OPTIONS = -agentlib:amplxe_samplingmrte_javaprof_1.0 -Dsun.boot.library.path=/opt/intel/oneapi/vtune/2026.2/lib32/runtime:/opt/intel/oneapi/vtune/2026.2/lib64/runtime
263 [131188945749952] INFO perfrun.launcher <> - set environment variable: LD_LIBRARY_PATH = /opt/intel/oneapi/vtune/2026.2/lib32/runtime:/opt/intel/oneapi/vtune/2026.2/lib64/runtime:/opt/intel/oneapi/tcm/1.5/lib:/opt/intel/oneapi/umf/1.1/lib:/opt/intel/oneapi/tcm/1.5/env/../lib:/opt/intel/oneapi/tbb/2023.0/env/../lib/intel64/gcc4.8:/opt/intel/oneapi/mpi/2021.18/opt/mpi/libfabric/lib:/opt/intel/oneapi/mpi/2021.18/lib:/opt/intel/oneapi/mkl/2026.0/lib:/opt/intel/oneapi/ippcp/2026.0/lib/:/opt/intel/oneapi/ipp/2026.0/lib:/opt/intel/oneapi/dnnl/2026.0/lib:/opt/intel/oneapi/debugger/2026.0/opt/debugger/lib:/opt/intel/oneapi/compiler/2026.0/opt/compiler/lib:/opt/intel/oneapi/compiler/2026.0/lib:/opt/intel/oneapi/ccl/2022.0/lib/
263 [131188945749952] INFO perfrun.launcher <> - set environment variable: CORECLR_ENABLE_PROFILING = 1
263 [131188945749952] INFO perfrun.launcher <> - set environment variable: CORECLR_PROFILER = {AA5E4821-E3B1-479c-B7FF-5AD047D22CED}
263 [131188945749952] INFO perfrun.launcher <> - set environment variable: CORECLR_PROFILER_PATH = /opt/intel/oneapi/vtune/2026.2/lib64/libamplxe_samplingmrte_clrprof_1.0.so
263 [131188945749952] INFO perfrun.launcher <> - set environment variable: INTEL_MRTE_PROFILER_MODE = mixed
263 [131188945749952] INFO perfrun.launcher <> - RpcServer: run RPC server to handle requests
264 [131188945749952] INFO perfrun.launcher <> - ProcessSticker object was created for process with pid = 272356
264 [131188945749952] INFO perfrun.launcher <> - Launcher was attached to PID = 272356
287 [131188786194112] WARN perfrun.system <> - Could not do anything with /sys/kernel/debug/kvm: boost::filesystem::status: Permission denied [system:13]: "/sys/kernel/debug/kvm", at file: vcs/perfrun1/plugins/system/src/trace_writer.cpp:791
287 [131188786194112] WARN perfrun.system <> - Folder "/var/run/libvirt/qemu/"doesn't exist, at file: vcs/perfrun1/plugins/system/src/trace_writer.cpp:804
299 [131188786194112] WARN perfrun.sdk <> - Failed to find xl binary on any of the system paths: /bin, /sbin, /usr/bin, /usr/sbin., at file: vcs/perfrun1/sdk/src/utils.cpp:205
299 [131188786194112] WARN perfrun.system <> - Could not start ContainerMapping collector, at file: vcs/perfrun1/plugins/system/src/controller.cpp:450
335 [131188786194112] INFO perfrun.vdso <> - Helper runtool '/opt/intel/oneapi/vtune/2026.2/bin32/amplxe-runss -dump-vdso -r /home/stefan/ds4/r000hs --tmp-dir /tmp/amplxe-tmp-stefan' returned 1
497 [131188786194112] INFO perfrun.vdso <> - Helper runtool '/opt/intel/oneapi/vtune/2026.2/bin64/amplxe-runss -dump-vdso -r /home/stefan/ds4/r000hs --tmp-dir /tmp/amplxe-tmp-stefan' returned 0
497 [131188786194112] INFO perfrun.itt <> - attach itt controller to pid #272356
498 [131188786194112] WARN perfrun.itt <> - attach itt controller to pid #272356failed, probably not configured, at file: vcs/perfrun1/plugins/itt/src/controller.cpp:251
498 [131188786194112] INFO perfrun.mrte <> - Attach to pid #272356
498 [131188786194112] INFO perfrun.tpss <> - attach tpss controller to pid #272356
2058 [131188945749952] INFO perfrun.launcher <> - Launcher: all plugins were attached to PID = 272356
2058 [131188945749952] INFO perfrun.launcher <> - DirectoryMonitor object was created
2058 [131188945749952] INFO perfrun.launcher <> - DirectoryMonitor: a callback was added
2058 [131188945749952] INFO perfrun.launcher <> - DirectoryMonitor was started with pingTime = 1000
2058 [131188945749952] INFO perfrun.launcher <> - DeadlineTimer is going to be constructed
2059 [131188945749952] INFO perfrun.launcher <> - DeadlineTimer: a callback was added
45739 [131188945749952] INFO perfrun.launcher <> - SignalHandler: signal #2 was caught
45769 [131188786194112] INFO perfrun.itt <> - detach itt controller
45769 [131188786194112] INFO perfrun.itt <> - detach itt controller done
45769 [131188786194112] INFO perfrun.tpss <> - stop tpss controller
47016 [131188786194112] INFO perfrun.sdk <> - De-allocating TMU: /home/stefan/ds4/r000hs/data.0/systemcollector-273430-stefan-WS-C621E-SAGE-Series.sc
47016 [131188786194112] INFO perfrun.system <> - closed the system trace file: /home/stefan/ds4/r000hs/data.0/systemcollector-273430-stefan-WS-C621E-SAGE-Series.sc
47016 [131188945749952] INFO perfrun.launcher <> - Launcher: detach command was received or the profiled  application was terminated
47016 [131188945749952] WARN perfrun.launcher <> - Stop command is ignored because it is received when collection is already stopped, at file: vcs/perfrun1/launcher/src/command_handler.cpp:226
47016 [131188945749952] INFO perfrun.launcher <> - DeadlineTimer is going to be destroyed
47016 [131188945749952] INFO perfrun.launcher <> - DeadlineTimer was destroyed
47016 [131188945749952] INFO perfrun.launcher <> - DirectoryMonitor object was destroyed
47017 [131188945749952] INFO perfrun.launcher <> - Application exit code: 0
47017 [131188945749952] INFO perfrun.launcher <> - Exit code: 0
